================================
=
= SOAPUI_HOME = /opt/SoapUI
=
================================
SoapUI 5.4.0 TestCase Runner
2018-07-26 02:39:42,862 [main] INFO  com.eviware.soapui.tools.SoapUITestCaseRunner - Setting global property [Ambiente] to [COLLEVO]
02:39:42,996 INFO  [SoapUI] Adding [/opt/SoapUI/bin/ext/msg-simple-1.1.jar] to extensions classpath
02:39:42,996 INFO  [SoapUI] Adding [/opt/SoapUI/bin/ext/assertj-swagger-0.6.0.jar] to extensions classpath
02:39:42,996 INFO  [SoapUI] Adding [/opt/SoapUI/bin/ext/jackson-coreutils-1.6.jar] to extensions classpath
02:39:42,996 INFO  [SoapUI] Adding [/opt/SoapUI/bin/ext/guava-18.0.jar] to extensions classpath
02:39:42,997 INFO  [SoapUI] Adding [/opt/SoapUI/bin/ext/json-patch-1.9 (new version).jar] to extensions classpath
02:39:42,997 INFO  [SoapUI] Adding [/opt/SoapUI/bin/ext/json-schema-core-1.2.1.jar] to extensions classpath
02:39:42,997 INFO  [SoapUI] Adding [/opt/SoapUI/bin/ext/joda-time-2.3.jar] to extensions classpath
02:39:42,997 INFO  [SoapUI] Adding [/opt/SoapUI/bin/ext/commons-lang3-3.2.1.jar] to extensions classpath
02:39:42,997 INFO  [SoapUI] Adding [/opt/SoapUI/bin/ext/jackson-dataformat-yaml-2.4.5.jar] to extensions classpath
02:39:42,997 INFO  [SoapUI] Adding [/opt/SoapUI/bin/ext/commons-collections-3.2.1.jar] to extensions classpath
02:39:42,997 INFO  [SoapUI] Adding [/opt/SoapUI/bin/ext/jsr305-2.0.1.jar] to extensions classpath
02:39:42,997 INFO  [SoapUI] Adding [/opt/SoapUI/bin/ext/swagger-models-1.5.6.jar] to extensions classpath
02:39:42,997 INFO  [SoapUI] Adding [/opt/SoapUI/bin/ext/jackson-databind-2.4.5.jar] to extensions classpath
02:39:42,997 INFO  [SoapUI] Adding [/opt/SoapUI/bin/ext/commons-codec-1.6.jar] to extensions classpath
02:39:42,998 INFO  [SoapUI] Adding [/opt/SoapUI/bin/ext/cal10n-api-0.7.4.jar] to extensions classpath
02:39:42,998 INFO  [SoapUI] Adding [/opt/SoapUI/bin/ext/commons-io-2.4.jar] to extensions classpath
02:39:42,998 INFO  [SoapUI] Adding [/opt/SoapUI/bin/ext/libphonenumber-6.0.jar] to extensions classpath
02:39:42,998 INFO  [SoapUI] Adding [/opt/SoapUI/bin/ext/swagger-annotations-1.5.6.jar] to extensions classpath
02:39:42,998 INFO  [SoapUI] Adding [/opt/SoapUI/bin/ext/snakeyaml-1.12.jar] to extensions classpath
02:39:42,998 INFO  [SoapUI] Adding [/opt/SoapUI/bin/ext/uri-template-0.9.jar] to extensions classpath
02:39:42,998 INFO  [SoapUI] Adding [/opt/SoapUI/bin/ext/json-schema-validator-2.2.3.jar] to extensions classpath
02:39:42,998 INFO  [SoapUI] Adding [/opt/SoapUI/bin/ext/flytogether-util.jar] to extensions classpath
02:39:42,999 INFO  [SoapUI] Adding [/opt/SoapUI/bin/ext/httpcore-4.3.2.jar] to extensions classpath
02:39:42,999 INFO  [SoapUI] Adding [/opt/SoapUI/bin/ext/validation-api-1.1.0.Final.jar] to extensions classpath
02:39:42,999 INFO  [SoapUI] Adding [/opt/SoapUI/bin/ext/json-patch-1.6.jar] to extensions classpath
02:39:42,999 INFO  [SoapUI] Adding [/opt/SoapUI/bin/ext/slf4j-api-1.7.12.jar] to extensions classpath
02:39:42,999 INFO  [SoapUI] Adding [/opt/SoapUI/bin/ext/rhino-1.7R4.jar] to extensions classpath
02:39:43,000 INFO  [SoapUI] Adding [/opt/SoapUI/bin/ext/assertj-core-3.8.0.jar] to extensions classpath
02:39:43,000 INFO  [SoapUI] Adding [/opt/SoapUI/bin/ext/swagger-parser-1.0.17.jar] to extensions classpath
02:39:43,000 INFO  [SoapUI] Adding [/opt/SoapUI/bin/ext/jackson-core-2.4.5.jar] to extensions classpath
02:39:43,000 INFO  [SoapUI] Adding [/opt/SoapUI/bin/ext/mailapi-1.4.3.jar] to extensions classpath
02:39:43,000 INFO  [SoapUI] Adding [/opt/SoapUI/bin/ext/swagger-compat-spec-parser-1.0.17.jar] to extensions classpath
02:39:43,000 INFO  [SoapUI] Adding [/opt/SoapUI/bin/ext/btf-1.2.jar] to extensions classpath
02:39:43,000 INFO  [SoapUI] Adding [/opt/SoapUI/bin/ext/mongo-java-driver-3.8.0.jar] to extensions classpath
02:39:43,000 INFO  [SoapUI] Adding [/opt/SoapUI/bin/ext/httpclient-4.3.3.jar] to extensions classpath
02:39:43,000 INFO  [SoapUI] Adding [/opt/SoapUI/bin/ext/jackson-datatype-joda-2.4.5.jar] to extensions classpath
02:39:43,000 INFO  [SoapUI] Adding [/opt/SoapUI/bin/ext/jopt-simple-4.6.jar] to extensions classpath
02:39:43,000 INFO  [SoapUI] Adding [/opt/SoapUI/bin/ext/slf4j-ext-1.6.3.jar] to extensions classpath
02:39:43,001 INFO  [SoapUI] Adding [/opt/SoapUI/bin/ext/json-schema-validator-2.2.6-lib.jar] to extensions classpath
02:39:43,001 INFO  [SoapUI] Adding [/opt/SoapUI/bin/ext/activation-1.1.jar] to extensions classpath
02:39:43,001 INFO  [SoapUI] Adding [/opt/SoapUI/bin/ext/jackson-annotations-2.4.5.jar] to extensions classpath
02:39:43,001 INFO  [SoapUI] Adding [/opt/SoapUI/bin/ext/commons-logging-1.1.3.jar] to extensions classpath
02:39:43,001 INFO  [SoapUI] Adding [/opt/SoapUI/bin/ext/swagger-core-1.5.6.jar] to extensions classpath
02:39:43,001 INFO  [DefaultSoapUICore] Creating new settings at [/home/vicente/soapui-settings.xml]
02:39:43,582 INFO  [PluginManager] 0 plugins loaded in 2 ms
02:39:43,583 INFO  [DefaultSoapUICore] All plugins loaded
02:39:43,886 INFO  [SoapUI] File [/home/vicente/development/pipelines/test/./ID_20-Consistenze/ID_20_Consistenze-soapui-project.xml] does not exist, trying URL instead
02:39:43,887 ERROR [SoapUI] An error occurred [no protocol: ./ID_20-Consistenze/ID_20_Consistenze-soapui-project.xml], see error log for details
java.net.MalformedURLException: no protocol: ./ID_20-Consistenze/ID_20_Consistenze-soapui-project.xml
	at java.net.URL.<init>(URL.java:593)
	at java.net.URL.<init>(URL.java:490)
	at java.net.URL.<init>(URL.java:439)
	at com.eviware.soapui.impl.wsdl.WsdlProject.<init>(WsdlProject.java:227)
	at com.eviware.soapui.impl.wsdl.WsdlProjectFactory.createNew(WsdlProjectFactory.java:41)
	at com.eviware.soapui.impl.wsdl.WsdlProjectFactory.createNew(WsdlProjectFactory.java:28)
	at com.eviware.soapui.tools.SoapUITestCaseRunner.runRunner(SoapUITestCaseRunner.java:349)
	at com.eviware.soapui.tools.AbstractSoapUIRunner.run(AbstractSoapUIRunner.java:202)
	at com.eviware.soapui.tools.AbstractSoapUIRunner.run(AbstractSoapUIRunner.java:137)
	at com.eviware.soapui.tools.AbstractSoapUIRunner.runFromCommandLine(AbstractSoapUIRunner.java:112)
	at com.eviware.soapui.tools.SoapUITestCaseRunner.main(SoapUITestCaseRunner.java:122)
02:39:43,986 ERROR [SoapUITestCaseRunner] java.lang.Exception: Failed to load SoapUI project file [./ID_20-Consistenze/ID_20_Consistenze-soapui-project.xml]
02:39:43,988 ERROR [SoapUI] An error occurred [Failed to load SoapUI project file [./ID_20-Consistenze/ID_20_Consistenze-soapui-project.xml]], see error log for details
java.lang.Exception: Failed to load SoapUI project file [./ID_20-Consistenze/ID_20_Consistenze-soapui-project.xml]
	at com.eviware.soapui.tools.SoapUITestCaseRunner.runRunner(SoapUITestCaseRunner.java:353)
	at com.eviware.soapui.tools.AbstractSoapUIRunner.run(AbstractSoapUIRunner.java:202)
	at com.eviware.soapui.tools.AbstractSoapUIRunner.run(AbstractSoapUIRunner.java:137)
	at com.eviware.soapui.tools.AbstractSoapUIRunner.runFromCommandLine(AbstractSoapUIRunner.java:112)
	at com.eviware.soapui.tools.SoapUITestCaseRunner.main(SoapUITestCaseRunner.java:122)
